// Jest Snapshot v1, https://goo.gl/fbAQLP

exports[`Busqueda input Component Verify component renders correctly 1`] = `
<form
  className="form-horizontal "
  method="post"
  onSubmit={[Function]}
  role="search"
>
  <div
    className="row form-group"
    css={
      Object {
        "map": undefined,
        "name": "15bfgzn",
        "next": undefined,
        "styles": "
        @media screen and (min-width: 768px) {
          float: right;
        }
        ",
        "toString": [Function],
      }
    }
  >
    <div
      className="col-md-12"
    >
      <div
        className="input-group input-group-md"
      >
        <input
          className="form-control"
          name="orden"
          placeholder="Buscar ordenes..."
          type="search"
        />
        <div
          className="input-group-append"
        >
          <button
            className="btn btn-primary"
            onClick={[Function]}
            type="submit"
          >
            Buscar
          </button>
        </div>
      </div>
    </div>
  </div>
</form>
`;
